###############################################################################
#
# IAR ELF Linker V8.20.1.14183/W32 for ARM                17/Nov/2017  20:20:01
# Copyright 2007-2017 IAR Systems AB.
#
#    Output file  =  
#        D:\RepoGitSVN\AEP_BPSchedulerProject\projects\SchedulerLED\Debug\Exe\SchedulerLED.out
#    Map file     =  
#        D:\RepoGitSVN\AEP_BPSchedulerProject\projects\SchedulerLED\Debug\List\SchedulerLED.map
#    Command line =  
#        -f C:\Users\uidn8311\AppData\Local\Temp\EWBDF0.tmp
#        (D:\RepoGitSVN\AEP_BPSchedulerProject\projects\SchedulerLED\Debug\Obj\Main.o
#        -o
#        D:\RepoGitSVN\AEP_BPSchedulerProject\projects\SchedulerLED\Debug\Exe\SchedulerLED.out
#        --redirect _Printf=_PrintfFullNoMb --redirect _Scanf=_ScanfFullNoMb
#        --map
#        D:\RepoGitSVN\AEP_BPSchedulerProject\projects\SchedulerLED\Debug\List\SchedulerLED.map
#        --config "C:\Program Files (x86)\IAR Systems\Embedded Workbench
#        8.0\arm\config\linker\NXP\S32K144.icf" --semihosting --entry
#        __iar_program_start --vfe --text_out locale)
#
###############################################################################

*******************************************************************************
*** RUNTIME MODEL ATTRIBUTES
***

CppFlavor       = *
__SystemLibrary = DLib
__dlib_version  = 6


*******************************************************************************
*** HEAP SELECTION
***

The basic heap was selected because some modules are built with
size limitations (and not runtime checking), and --advanced_heap
was not specified.


*******************************************************************************
*** PLACEMENT SUMMARY
***

"A0":  place at 0x00000000 { ro section .intvec };
"P1":  place in [from 0x00000000 to 0x000003ff] |
                [from 0x00000410 to 0x0007ffff] { ro };
define block CSTACK with size = 2K, alignment = 8 { };
define block PROC_STACK with size = 0M, alignment = 8 { };
define block HEAP with size = 4K, alignment = 8 { };
"P3":  place in [from 0x1fff8000 to 0x1fffffff] |
                [from 0x20000000 to 0x20006fff] {
          rw, block CSTACK, block PROC_STACK, block HEAP };
initialize by copy { rw };

No sections matched the following patterns:

  ro section application_specific_ro  in "P2"
  rw section application_specific_rw  in "P4"
  section FlashConfig                 in "P5"


  Section            Kind        Address   Size  Object
  -------            ----        -------   ----  ------
"A0":                                      0x40
  .intvec            ro code  0x00000000   0x40  vector_table_M.o [5]
                            - 0x00000040   0x40

"P1", part 1 of 2:                         0x78
  .rodata            const    0x00000040    0x0  copy_init3.o [5]
  Initializer bytes  const    0x00000040   0x78  <for P3 s0>
                            - 0x000000b8   0x78

"P1", part 2 of 2:                        0x9b0
  .text              ro code  0x00000410  0x894  Main.o [1]
  .rodata            const    0x00000ca4   0x30  Main.o [1]
  .text              ro code  0x00000cd4   0x2c  copy_init3.o [5]
  .text              ro code  0x00000d00   0x28  data_init.o [5]
  .text              ro code  0x00000d28   0x22  fpinit_M.o [4]
  .iar.init_table    const    0x00000d4c   0x14  - Linker created -
  .text              ro code  0x00000d60    0x2  vector_table_M.o [5]
  .text              ro code  0x00000d64   0x1e  cmain.o [5]
  .text              ro code  0x00000d82    0x4  low_level_init.o [3]
  .text              ro code  0x00000d86    0x4  exit.o [3]
  .text              ro code  0x00000d8c    0xa  cexit.o [5]
  .text              ro code  0x00000d98   0x14  exit.o [6]
  .text              ro code  0x00000dac    0xc  cstartup_M.o [5]
  .rodata            const    0x00000db8    0x8  Main.o [1]
                            - 0x00000dc0  0x9b0

"P3", part 1 of 2:                         0x78
  P3 s0                       0x1fff8000   0x78  <Init block>
    .bss             inited   0x1fff8000   0x30  Main.o [1]
    .bss             inited   0x1fff8030    0x8  Main.o [1]
    .data            inited   0x1fff8038    0x4  Main.o [1]
    .data            inited   0x1fff803c    0x4  Main.o [1]
    .data            inited   0x1fff8040    0x4  Main.o [1]
    .data            inited   0x1fff8044    0x4  Main.o [1]
    .data            inited   0x1fff8048    0x4  Main.o [1]
    .data            inited   0x1fff804c    0x4  Main.o [1]
    .data            inited   0x1fff8050    0x4  Main.o [1]
    .data            inited   0x1fff8054    0x4  Main.o [1]
    .data            inited   0x1fff8058    0x4  Main.o [1]
    .data            inited   0x1fff805c    0x4  Main.o [1]
    .data            inited   0x1fff8060    0x4  Main.o [1]
    .data            inited   0x1fff8064    0x4  Main.o [1]
    .data            inited   0x1fff8068    0x4  Main.o [1]
    .data            inited   0x1fff806c    0x4  Main.o [1]
    .bss             inited   0x1fff8070    0x4  Main.o [1]
    .bss             inited   0x1fff8074    0x4  Main.o [1]
                            - 0x1fff8078   0x78

"P3", part 2 of 2:                        0x800
  CSTACK                      0x1fff8078  0x800  <Block>
    CSTACK           uninit   0x1fff8078  0x800  <Block tail>
                            - 0x1fff8878  0x800


*******************************************************************************
*** INIT TABLE
***

          Address     Size
          -------     ----
Copy (__iar_copy_init3)
    1 source range, total size 0x78:
          0x00000040  0x78
    1 destination range, total size 0x78:
          0x1fff8000  0x78



*******************************************************************************
*** MODULE SUMMARY
***

    Module            ro code  ro data  rw data
    ------            -------  -------  -------
D:\RepoGitSVN\AEP_BPSchedulerProject\projects\SchedulerLED\Debug\Obj: [1]
    Main.o              2 196      176      120
    -------------------------------------------
    Total:              2 196      176      120

command line: [2]
    -------------------------------------------
    Total:

dl7M_tln.a: [3]
    exit.o                  4
    low_level_init.o        4
    -------------------------------------------
    Total:                  8

m7M_tls.a: [4]
    fpinit_M.o             34
    -------------------------------------------
    Total:                 34

rt7M_tl.a: [5]
    cexit.o                10
    cmain.o                30
    copy_init3.o           44
    cstartup_M.o           12
    data_init.o            40
    vector_table_M.o       66
    -------------------------------------------
    Total:                202

shb_l.a: [6]
    exit.o                 20
    -------------------------------------------
    Total:                 20

    Gaps                    6        2
    Linker created                  20    2 048
-----------------------------------------------
    Grand Total:        2 466      198    2 168


*******************************************************************************
*** ENTRY LIST
***

Entry                      Address  Size  Type      Object
-----                      -------  ----  ----      ------
.iar.init_table$$Base   0x00000d4c         --   Gb  - Linker created -
.iar.init_table$$Limit  0x00000d60         --   Gb  - Linker created -
?main                   0x00000d65        Code  Gb  cmain.o [5]
CSTACK$$Base            0x1fff8078         --   Gb  - Linker created -
CSTACK$$Limit           0x1fff8878         --   Gb  - Linker created -
GlbSysTickCallback      0x1fff8074   0x4  Data  Gb  Main.o [1]
Region$$Table$$Base     0x00000d4c         --   Gb  - Linker created -
Region$$Table$$Limit    0x00000d60         --   Gb  - Linker created -
SchM_100ms_Task         0x00000c25  0x10  Code  Gb  Main.o [1]
SchM_12p5ms_Task        0x00000bf5  0x10  Code  Gb  Main.o [1]
SchM_25ms_Task          0x00000c05  0x10  Code  Gb  Main.o [1]
SchM_3p125ms_Task       0x00000bd5  0x10  Code  Gb  Main.o [1]
SchM_50ms_Task          0x00000c15  0x10  Code  Gb  Main.o [1]
SchM_6p25ms_Task        0x00000be5  0x10  Code  Gb  Main.o [1]
SchM_Background         0x00000ae9  0x70  Code  Gb  Main.o [1]
SchM_Config             0x00000db8   0x8  Data  Gb  Main.o [1]
SchM_ConfigGlobal       0x1fff8070   0x4  Data  Gb  Main.o [1]
SchM_Control            0x1fff8030   0x8  Data  Gb  Main.o [1]
SchM_Init               0x00000b59  0x48  Code  Gb  Main.o [1]
SchM_OsTick             0x00000a6d  0x78  Code  Gb  Main.o [1]
SchM_Start              0x00000bc9   0xc  Code  Gb  Main.o [1]
SchM_TaskControlBlock   0x1fff8000  0x30  Data  Gb  Main.o [1]
SchM_TaskDescriptor     0x00000ca4  0x30  Data  Gb  Main.o [1]
SysTick_Handler         0x00000c35  0x16  Code  Gb  Main.o [1]
SysTick_Init            0x00000ba1  0x1c  Code  Gb  Main.o [1]
__cmain                 0x00000d65        Code  Gb  cmain.o [5]
__exit                  0x00000d99  0x14  Code  Gb  exit.o [6]
__iar_copy_init3        0x00000cd5  0x2c  Code  Gb  copy_init3.o [5]
__iar_data_init3        0x00000d01  0x28  Code  Gb  data_init.o [5]
__iar_init_vfp          0x00000d29        Code  Gb  fpinit_M.o [4]
__iar_program_start     0x00000dad        Code  Gb  cstartup_M.o [5]
__iar_systems$$module {Abs}
                        0x00000001        Data  Gb  command line/config [2]
__low_level_init        0x00000d83   0x4  Code  Gb  low_level_init.o [3]
__vector_table          0x00000000        Data  Gb  vector_table_M.o [5]
_call_main              0x00000d71        Code  Gb  cmain.o [5]
_exit                   0x00000d8d        Code  Gb  cexit.o [5]
_main                   0x00000d7f        Code  Gb  cmain.o [5]
clock_InitClock         0x000004ff  0x10  Code  Gb  Main.o [1]
delays_InitTimer        0x000005a5   0x8  Code  Gb  Main.o [1]
delays_Wait500us        0x000005ad  0x20  Code  Gb  Main.o [1]
exit                    0x00000d87   0x4  Code  Gb  exit.o [3]
interrupts_ConfigSysTickIRQ
                        0x00000a5b   0xa  Code  Gb  Main.o [1]
interrupts_EnableSysTickIRQ
                        0x00000a65   0x8  Code  Gb  Main.o [1]
interrupts_InitIRQ      0x00000a39  0x22  Code  Gb  Main.o [1]
io_ClearOutput          0x000005f7   0xe  Code  Gb  Main.o [1]
io_OutputPin            0x000005cd   0xe  Code  Gb  Main.o [1]
io_SetOutput            0x000005e9   0xe  Code  Gb  Main.o [1]
io_TogglePin            0x000005db   0xe  Code  Gb  Main.o [1]
leds_InitBoardLeds      0x00000877  0x8a  Code  Gb  Main.o [1]
leds_InitLeds           0x000007db  0x6c  Code  Gb  Main.o [1]
leds_ToggleBlueBoardLED
                        0x00000901  0x10  Code  Gb  Main.o [1]
leds_TurnOffUpLED       0x00000867  0x10  Code  Gb  Main.o [1]
leds_TurnOnDownLED      0x00000857  0x10  Code  Gb  Main.o [1]
leds_TurnOnUpLED        0x00000847  0x10  Code  Gb  Main.o [1]
lpit_ChargeLPITOCh0     0x00000559  0x10  Code  Gb  Main.o [1]
lpit_ChecklFlagLPIT0Ch0
                        0x00000581   0xe  Code  Gb  Main.o [1]
lpit_ClearFlagLPIT0Ch0  0x0000058f  0x16  Code  Gb  Main.o [1]
lpit_DisableLPIT0Ch0    0x00000575   0xc  Code  Gb  Main.o [1]
lpit_EnableLPIT0Ch0     0x00000569   0xc  Code  Gb  Main.o [1]
lpit_EnableLPITO        0x00000527  0x32  Code  Gb  Main.o [1]
main                    0x00000c4b  0x22  Code  Gb  Main.o [1]
nvic_ClearPendingInterrupt
                        0x00000951  0x48  Code  Gb  Main.o [1]
nvic_EnableInterrupt    0x00000911  0x40  Code  Gb  Main.o [1]
nvic_SetInterruptPriority
                        0x0000099d  0x4e  Code  Gb  Main.o [1]
pcc_EnablePeripheralClock
                        0x0000050f  0x18  Code  Gb  Main.o [1]
port_ConfigurePinMode   0x00000605  0x12  Code  Gb  Main.o [1]
ras_SCG                 0x1fff803c   0x4  Data  Gb  Main.o [1]
rps_LPIT0               0x1fff8044   0x4  Data  Gb  Main.o [1]
rps_NVIC                0x1fff8068   0x4  Data  Gb  Main.o [1]
rps_PCC                 0x1fff8040   0x4  Data  Gb  Main.o [1]
rps_PORTA               0x1fff8058   0x4  Data  Gb  Main.o [1]
rps_PORTC               0x1fff805c   0x4  Data  Gb  Main.o [1]
rps_PORTD               0x1fff8060   0x4  Data  Gb  Main.o [1]
rps_PORTE               0x1fff8064   0x4  Data  Gb  Main.o [1]
rps_PTA                 0x1fff8048   0x4  Data  Gb  Main.o [1]
rps_PTC                 0x1fff804c   0x4  Data  Gb  Main.o [1]
rps_PTD                 0x1fff8050   0x4  Data  Gb  Main.o [1]
rps_PTE                 0x1fff8054   0x4  Data  Gb  Main.o [1]
rps_SYSTICK             0x1fff806c   0x4  Data  Gb  Main.o [1]
rps_WDT                 0x1fff8038   0x4  Data  Gb  Main.o [1]
scg_ConfigRunMode       0x000004e1  0x1e  Code  Gb  Main.o [1]
scg_ConfigSOSC8mhz      0x00000437  0x4a  Code  Gb  Main.o [1]
scg_ConfigSPLL160mhz    0x00000481  0x60  Code  Gb  Main.o [1]
segmentbar_InitBar      0x00000617  0xf4  Code  Gb  Main.o [1]
segmentbar_TurnOffSeg0  0x0000071b  0x10  Code  Gb  Main.o [1]
segmentbar_TurnOffSeg1  0x0000073b  0x10  Code  Gb  Main.o [1]
segmentbar_TurnOffSeg2  0x0000075d  0x12  Code  Gb  Main.o [1]
segmentbar_TurnOffSeg3  0x00000781  0x12  Code  Gb  Main.o [1]
segmentbar_TurnOffSeg4  0x000007a5  0x12  Code  Gb  Main.o [1]
segmentbar_TurnOffSeg5  0x000007c9  0x12  Code  Gb  Main.o [1]
segmentbar_TurnOnSeg0   0x0000070b  0x10  Code  Gb  Main.o [1]
segmentbar_TurnOnSeg1   0x0000072b  0x10  Code  Gb  Main.o [1]
segmentbar_TurnOnSeg2   0x0000074b  0x12  Code  Gb  Main.o [1]
segmentbar_TurnOnSeg3   0x0000076f  0x12  Code  Gb  Main.o [1]
segmentbar_TurnOnSeg4   0x00000793  0x12  Code  Gb  Main.o [1]
segmentbar_TurnOnSeg5   0x000007b7  0x12  Code  Gb  Main.o [1]
systick_EnableSysTick   0x00000a05  0x12  Code  Gb  Main.o [1]
systick_InitSysTick     0x000009eb  0x1a  Code  Gb  Main.o [1]
systick_ReloadSysTickValue
                        0x00000a21   0xe  Code  Gb  Main.o [1]
wdt_DisableWdt          0x00000411  0x26  Code  Gb  Main.o [1]


[1] = D:\RepoGitSVN\AEP_BPSchedulerProject\projects\SchedulerLED\Debug\Obj
[2] = command line
[3] = dl7M_tln.a
[4] = m7M_tls.a
[5] = rt7M_tl.a
[6] = shb_l.a

  2 466 bytes of readonly  code memory
    198 bytes of readonly  data memory
  2 168 bytes of readwrite data memory

Errors: none
Warnings: none
